// Jest Snapshot v1, https://goo.gl/fbAQLP

exports[`/app/libs/utils metrics should prepare note body and remove unknown metrics 1`] = `
Object {
  "date": 20160101,
  "metrics": Object {
    "harvestCount": 32,
    "harvestStart": true,
    "height": 15.5,
  },
}
`;

exports[`/app/libs/utils sortPlants should not need to sort plants 1`] = `
Array [
  "1",
  "2",
  "3",
  "4",
]
`;

exports[`/app/libs/utils sortPlants should not need to sort plants with missing plants 1`] = `
Array [
  "5",
  "1",
  "2",
  "5",
  "3",
  "4",
  "5",
]
`;

exports[`/app/libs/utils sortPlants should sort plants 1`] = `
Array [
  "1",
  "3",
  "2",
  "4",
]
`;
