// Jest Snapshot v1, https://goo.gl/fbAQLP

exports[`api should get a 404 if the path is not recognized 1`] = `
"<!DOCTYPE html>
<html lang=\\"en\\">
  <head>
    <link rel=\\"stylesheet\\" href=\\"https://fonts.googleapis.com/css?family=Roboto:300,400,500,700&display=swap\\" />
    <link rel=\\"stylesheet\\" href=\\"https://fonts.googleapis.com/icon?family=Material+Icons\\" />
    
    <link rel=\\"apple-touch-icon\\" sizes=\\"180x180\\" href=\\"/apple-touch-icon.png\\">
    <link rel=\\"icon\\" type=\\"image/png\\" href=\\"/favicon-16x16.png\\" sizes=\\"16x16\\">
    <link rel=\\"icon\\" type=\\"image/png\\" href=\\"/favicon-32x32.png\\" sizes=\\"32x32\\">
    <link rel=\\"manifest\\" href=\\"/manifest.json\\">
    <link rel=\\"mask-icon\\" href=\\"/safari-pinned-tab.svg\\" color=\\"#5bbad5\\">
    <meta charset=\\"UTF-8\\">
    <meta http-equiv=\\"x-ua-compatible\\" content=\\"ie=edge\\">
    <meta name=\\"theme-color\\" content=\\"#ffffff\\">
    <meta name=\\"viewport\\" content=\\"minimum-scale=1, initial-scale=1, width=device-width, shrink-to-fit=no\\">
    <title>Plaaant</title>
  </head>
<body><div id='wrapper'></div><script>window.__SSR__ = false;
window.__INITIAL_STATE__ = {}</script><script src=\\"/bundle.js\\"></script></body>
</html>"
`;
