// Jest Snapshot v1, https://goo.gl/fbAQLP

exports[`NoteAssocPlant NoteAssocPlant should be rendered 1`] = `
<div
  className="react-root"
>
  <div
    style={
      Object {
        "textAlign": "left",
      }
    }
  >
    <div>
      Associated plants:
      <div
        className="MuiFormControl-root MuiTextField-root MuiFormControl-fullWidth"
        style={
          Object {
            "marginLeft": 20,
          }
        }
      >
        <label
          className="MuiFormLabel-root MuiInputLabel-root MuiInputLabel-formControl MuiInputLabel-animated"
          data-shrink={false}
          htmlFor="note-assoc-plant-filter"
          id="note-assoc-plant-filter-label"
          style={
            Object {
              "fontSize": "14px",
            }
          }
        >
          Filter
        </label>
        <div
          className="MuiInputBase-root MuiInput-root MuiInput-underline MuiInputBase-fullWidth MuiInput-fullWidth MuiInputBase-formControl MuiInput-formControl"
          onClick={[Function]}
          style={
            Object {
              "fontSize": "14px",
            }
          }
        >
          <input
            aria-invalid={false}
            className="MuiInputBase-input MuiInput-input"
            disabled={false}
            id="note-assoc-plant-filter"
            name="filter"
            onAnimationStart={[Function]}
            onBlur={[Function]}
            onChange={[Function]}
            onFocus={[Function]}
            placeholder="Filter..."
            required={false}
            type="text"
            value=""
          />
        </div>
        
      </div>
      <div
        style={
          Object {
            "WebkitTapHighlightColor": "rgba(0,0,0,0)",
            "backgroundColor": "#ffffff",
            "borderRadius": 2,
            "boxShadow": "0 1px 6px rgba(0, 0, 0, 0.12),
         0 1px 4px rgba(0, 0, 0, 0.12)",
            "boxSizing": "border-box",
            "color": "rgba(0, 0, 0, 0.87)",
            "display": "inline-block",
            "fontFamily": "Roboto, sans-serif",
            "margin": 12,
            "minWidth": 88,
            "muiPrepared": true,
            "transition": "all 450ms cubic-bezier(0.23, 1, 0.32, 1) 0ms",
          }
        }
      >
        <button
          disabled={false}
          onBlur={[Function]}
          onClick={[Function]}
          onFocus={[Function]}
          onKeyDown={[Function]}
          onKeyUp={[Function]}
          onMouseDown={[Function]}
          onMouseEnter={[Function]}
          onMouseLeave={[Function]}
          onMouseUp={[Function]}
          onTouchEnd={[Function]}
          onTouchStart={[Function]}
          style={
            Object {
              "WebkitTapHighlightColor": "rgba(0, 0, 0, 0)",
              "backgroundColor": "#00bcd4",
              "border": 10,
              "borderRadius": 2,
              "boxSizing": "border-box",
              "cursor": "pointer",
              "display": "inline-block",
              "fontFamily": "Roboto, sans-serif",
              "fontSize": "inherit",
              "fontWeight": "inherit",
              "height": 36,
              "lineHeight": "36px",
              "margin": 0,
              "muiPrepared": true,
              "outline": "none",
              "padding": 0,
              "position": "relative",
              "textAlign": "center",
              "textDecoration": "none",
              "transition": "all 450ms cubic-bezier(0.23, 1, 0.32, 1) 0ms",
              "verticalAlign": null,
              "width": "100%",
            }
          }
          tabIndex={0}
          type="button"
        >
          <div
            onMouseDown={[Function]}
            onMouseLeave={[Function]}
            onMouseUp={[Function]}
            onTouchEnd={[Function]}
            onTouchStart={[Function]}
          >
            <div
              style={
                Object {
                  "backgroundColor": false,
                  "borderRadius": 2,
                  "height": 36,
                  "muiPrepared": true,
                  "top": 0,
                  "transition": "all 450ms cubic-bezier(0.23, 1, 0.32, 1) 0ms",
                }
              }
            >
              <span
                style={
                  Object {
                    "color": "#ffffff",
                    "fontSize": 14,
                    "fontWeight": 500,
                    "letterSpacing": 0,
                    "margin": 0,
                    "muiPrepared": true,
                    "opacity": 1,
                    "paddingLeft": 16,
                    "paddingRight": 16,
                    "position": "relative",
                    "textTransform": "uppercase",
                    "userSelect": "none",
                  }
                }
              >
                Plant One
              </span>
            </div>
          </div>
        </button>
      </div>
      <div
        style={
          Object {
            "WebkitTapHighlightColor": "rgba(0,0,0,0)",
            "backgroundColor": "#ffffff",
            "borderRadius": 2,
            "boxShadow": "0 1px 6px rgba(0, 0, 0, 0.12),
         0 1px 4px rgba(0, 0, 0, 0.12)",
            "boxSizing": "border-box",
            "color": "rgba(0, 0, 0, 0.87)",
            "display": "inline-block",
            "fontFamily": "Roboto, sans-serif",
            "margin": 12,
            "minWidth": 88,
            "muiPrepared": true,
            "transition": "all 450ms cubic-bezier(0.23, 1, 0.32, 1) 0ms",
          }
        }
      >
        <button
          disabled={false}
          onBlur={[Function]}
          onClick={[Function]}
          onFocus={[Function]}
          onKeyDown={[Function]}
          onKeyUp={[Function]}
          onMouseDown={[Function]}
          onMouseEnter={[Function]}
          onMouseLeave={[Function]}
          onMouseUp={[Function]}
          onTouchEnd={[Function]}
          onTouchStart={[Function]}
          style={
            Object {
              "WebkitTapHighlightColor": "rgba(0, 0, 0, 0)",
              "backgroundColor": "#00bcd4",
              "border": 10,
              "borderRadius": 2,
              "boxSizing": "border-box",
              "cursor": "pointer",
              "display": "inline-block",
              "fontFamily": "Roboto, sans-serif",
              "fontSize": "inherit",
              "fontWeight": "inherit",
              "height": 36,
              "lineHeight": "36px",
              "margin": 0,
              "muiPrepared": true,
              "outline": "none",
              "padding": 0,
              "position": "relative",
              "textAlign": "center",
              "textDecoration": "none",
              "transition": "all 450ms cubic-bezier(0.23, 1, 0.32, 1) 0ms",
              "verticalAlign": null,
              "width": "100%",
            }
          }
          tabIndex={0}
          type="button"
        >
          <div
            onMouseDown={[Function]}
            onMouseLeave={[Function]}
            onMouseUp={[Function]}
            onTouchEnd={[Function]}
            onTouchStart={[Function]}
          >
            <div
              style={
                Object {
                  "backgroundColor": false,
                  "borderRadius": 2,
                  "height": 36,
                  "muiPrepared": true,
                  "top": 0,
                  "transition": "all 450ms cubic-bezier(0.23, 1, 0.32, 1) 0ms",
                }
              }
            >
              <span
                style={
                  Object {
                    "color": "#ffffff",
                    "fontSize": 14,
                    "fontWeight": 500,
                    "letterSpacing": 0,
                    "margin": 0,
                    "muiPrepared": true,
                    "opacity": 1,
                    "paddingLeft": 16,
                    "paddingRight": 16,
                    "position": "relative",
                    "textTransform": "uppercase",
                    "userSelect": "none",
                  }
                }
              >
                Plant Two
              </span>
            </div>
          </div>
        </button>
      </div>
      <button
        className="MuiButtonBase-root MuiFab-root MuiFab-sizeMedium MuiFab-secondary"
        disabled={false}
        onBlur={[Function]}
        onClick={[Function]}
        onDragLeave={[Function]}
        onFocus={[Function]}
        onKeyDown={[Function]}
        onKeyUp={[Function]}
        onMouseDown={[Function]}
        onMouseLeave={[Function]}
        onMouseUp={[Function]}
        onTouchEnd={[Function]}
        onTouchMove={[Function]}
        onTouchStart={[Function]}
        tabIndex={0}
        title="Show Unchecked Plants"
        type="button"
      >
        <span
          className="MuiFab-label"
        >
          <svg
            aria-hidden="true"
            className="MuiSvgIcon-root"
            focusable="false"
            role="presentation"
            style={
              Object {
                "fontSize": "3em",
              }
            }
            viewBox="0 0 24 24"
          >
            <path
              d="M8.59 16.59L13.17 12 8.59 7.41 10 6l6 6-6 6-1.41-1.41z"
            />
          </svg>
        </span>
        <span
          className="MuiTouchRipple-root"
        />
      </button>
    </div>
  </div>
</div>
`;
