// Jest Snapshot v1, https://goo.gl/fbAQLP

exports[`NotesRead should render a NotesRead 1`] = `
<div
  className="react-root"
>
  <div>
    <div
      className="MuiPaper-root MuiPaper-elevation5 MuiPaper-rounded"
      style={
        Object {
          "display": "inline-block",
          "margin": 20,
          "padding": 20,
          "width": "100%",
        }
      }
    >
      <div
        id="n-1"
      >
        <a
          href="?noteid=n-1#n-1"
        >
          <svg
            aria-hidden="true"
            className="MuiSvgIcon-root"
            focusable="false"
            role="presentation"
            viewBox="0 0 24 24"
          >
            <path
              d="M3.9 12c0-1.71 1.39-3.1 3.1-3.1h4V7H7c-2.76 0-5 2.24-5 5s2.24 5 5 5h4v-1.9H7c-1.71 0-3.1-1.39-3.1-3.1zM8 13h8v-2H8v2zm9-6h-4v1.9h4c1.71 0 3.1 1.39 3.1 3.1s-1.39 3.1-3.1 3.1h-4V17h4c2.76 0 5-2.24 5-5s-2.24-5-5-5z"
            />
          </svg>
        </a>
      </div>
      <h5>
        01-Jan-2019 (5 months ago)
      </h5>
      <div
        dangerouslySetInnerHTML={
          Object {
            "__html": "<p>This is note text</p>
",
          }
        }
      />
      <h2
        className="vcenter"
      >
        <div
          style={
            Object {
              "textAlign": "right",
            }
          }
        >
          <button
            className="MuiButtonBase-root MuiFab-root MuiFab-sizeMedium MuiFab-primary"
            disabled={false}
            onBlur={[Function]}
            onClick={[Function]}
            onDragLeave={[Function]}
            onFocus={[Function]}
            onKeyDown={[Function]}
            onKeyUp={[Function]}
            onMouseDown={[Function]}
            onMouseLeave={[Function]}
            onMouseUp={[Function]}
            onTouchEnd={[Function]}
            onTouchMove={[Function]}
            onTouchStart={[Function]}
            tabIndex={0}
            title="Edit"
            type="button"
          >
            <span
              className="MuiFab-label"
            >
              <svg
                aria-hidden="true"
                className="MuiSvgIcon-root"
                focusable="false"
                role="presentation"
                style={
                  Object {
                    "fontSize": "3em",
                  }
                }
                viewBox="0 0 24 24"
              >
                <path
                  d="M3 17.25V21h3.75L17.81 9.94l-3.75-3.75L3 17.25zM20.71 7.04c.39-.39.39-1.02 0-1.41l-2.34-2.34a.9959.9959 0 00-1.41 0l-1.83 1.83 3.75 3.75 1.83-1.83z"
                />
              </svg>
            </span>
            <span
              className="MuiTouchRipple-root"
            />
          </button>
          <button
            className="MuiButtonBase-root MuiFab-root MuiFab-sizeMedium MuiFab-secondary"
            disabled={false}
            onBlur={[Function]}
            onClick={[Function]}
            onDragLeave={[Function]}
            onFocus={[Function]}
            onKeyDown={[Function]}
            onKeyUp={[Function]}
            onMouseDown={[Function]}
            onMouseLeave={[Function]}
            onMouseUp={[Function]}
            onTouchEnd={[Function]}
            onTouchMove={[Function]}
            onTouchStart={[Function]}
            style={
              Object {
                "marginLeft": "10px",
              }
            }
            tabIndex={0}
            title="Delete"
            type="button"
          >
            <span
              className="MuiFab-label"
            >
              <svg
                aria-hidden="true"
                className="MuiSvgIcon-root"
                focusable="false"
                role="presentation"
                style={
                  Object {
                    "fontSize": "3em",
                  }
                }
                viewBox="0 0 24 24"
              >
                <path
                  d="M6 19c0 1.1.9 2 2 2h8c1.1 0 2-.9 2-2V7H6v12zM19 4h-3.5l-1-1h-5l-1 1H5v2h14V4z"
                />
              </svg>
            </span>
            <span
              className="MuiTouchRipple-root"
            />
          </button>
        </div>
      </h2>
    </div>
  </div>
</div>
`;
