// Jest Snapshot v1, https://goo.gl/fbAQLP

exports[`NoteCreate should render a NoteCreate 1`] = `
<div
  className="react-root"
>
  <div>
    <div
      style={
        Object {
          "textAlign": "right",
        }
      }
    >
      <button
        className="MuiButtonBase-root MuiFab-root MuiFab-secondary"
        disabled={false}
        onBlur={[Function]}
        onClick={[Function]}
        onDragLeave={[Function]}
        onFocus={[Function]}
        onKeyDown={[Function]}
        onKeyUp={[Function]}
        onMouseDown={[Function]}
        onMouseLeave={[Function]}
        onMouseUp={[Function]}
        onTouchEnd={[Function]}
        onTouchMove={[Function]}
        onTouchStart={[Function]}
        tabIndex={0}
        title="Create Note"
        type="button"
      >
        <span
          className="MuiFab-label"
        >
          <svg
            aria-hidden="true"
            className="MuiSvgIcon-root"
            focusable="false"
            role="presentation"
            style={
              Object {
                "fontSize": "3em",
              }
            }
            viewBox="0 0 24 24"
          >
            <path
              d="M19 13h-6v6h-2v-6H5v-2h6V5h2v6h6v2z"
            />
          </svg>
        </span>
        <span
          className="MuiTouchRipple-root"
        />
      </button>
    </div>
  </div>
</div>
`;
