// Jest Snapshot v1, https://goo.gl/fbAQLP

exports[`Terms Terms should be rendered 1`] = `
<div
  className="react-root"
>
  <div
    className="page"
  >
    <div
      className="makeStyles-root-1"
    >
      <header
        className="MuiPaper-root MuiAppBar-root MuiAppBar-positionStatic MuiAppBar-colorPrimary MuiPaper-elevation4"
      >
        <div
          className="MuiToolbar-root MuiToolbar-regular MuiToolbar-gutters"
        >
          <h4
            className="MuiTypography-root makeStyles-title-3 MuiTypography-h4"
          >
            <a
              href="/"
              onClick={[Function]}
              style={
                Object {
                  "marginRight": "10px",
                }
              }
            >
              Plant
            </a>
          </h4>
          <h4
            className="MuiTypography-root MuiTypography-h4"
          >
            <a
              href="/login"
              onClick={[Function]}
              style={
                Object {
                  "marginRight": "10px",
                }
              }
            >
              Login
            </a>
            <a
              href="/help"
              onClick={[Function]}
              title="help"
            >
              Help
            </a>
          </h4>
        </div>
      </header>
    </div>
    <div
      id="main"
    >
      <div
        className="MuiPaper-root MuiPaper-elevation24 MuiPaper-rounded"
        style={
          Object {
            "display": "inline-block",
            "margin": 20,
            "padding": 20,
            "width": "100%",
          }
        }
      >
        <div
          dangerouslySetInnerHTML={
            Object {
              "__html": "<h1 id=\\"introduction\\">Introduction</h1>
<p>These terms and conditions govern your use of this website; by using this website, you accept these terms and conditions in full. If you disagree with these terms and conditions or any part of these terms and conditions, you must not use this website. </p>
<h1 id=\\"license-to-use-website\\">License to use website</h1>
<p>Unless otherwise stated, Plaaant and/or its licensors and/or its contributors own the intellectual property rights in the website and material on the website. Subject to the license below, all these intellectual property rights are reserved.</p>
<p>You may view, download for caching purposes only, and print pages from the website for your own personal use, subject to the restrictions set out below and elsewhere in these terms and conditions.  </p>
<p>You must not:</p>
<ul>
<li>Republish material from this website (including republication on another website);</li>
<li>Sell, rent or sub-license material from the website;</li>
<li>Show any material from the website in public;</li>
<li>Reproduce, duplicate, copy or otherwise exploit material on this website for a commercial purpose;</li>
<li>Edit or otherwise modify any material on the website unless it is &quot;your user content&quot;;</li>
<li>Redistribute material from this website.</li>
</ul>
<h1 id=\\"acceptable-use\\">Acceptable use</h1>
<p>You must not use this website in any way that causes, or may cause, damage to the website or impairment of the availability or accessibility of the website; or in any way which is unlawful, illegal, fraudulent or harmful, or in connection with any unlawful, illegal, fraudulent or harmful purpose or activity.</p>
<p>You must not use this website to copy, store, host, transmit, send, use, publish or distribute any material which consists of (or is linked to) any spyware, computer virus, Trojan horse, worm, keystroke logger, rootkit or other malicious computer software.</p>
<p>You must not conduct any systematic or automated data collection activities (including without limitation scraping, data mining, data extraction and data harvesting) on or in relation to this website without Plaaant&#39;s express written consent.</p>
<p>You must not use this website to transmit or send unsolicited commercial communications.</p>
<p>You must not use this website for any purposes related to marketing without Plaaant&#39;s express written consent.</p>
<h1 id=\\"user-content\\">User content</h1>
<p>In these terms and conditions, “your user content” means material (including without limitation text, images, audio material, video material and audio-visual material) that you submit to this website, for whatever purpose.</p>
<p>You grant to Plaaant a worldwide, irrevocable, non-exclusive, royalty-free license to use, reproduce, adapt, publish, translate and distribute your user content in any existing or future media.  You also grant to Plaaant the right to sub-license these rights, and the right to bring an action for infringement of these rights.</p>
<p>Your user content must not be illegal or unlawful, must not infringe any third party&#39;s legal rights, and must not be capable of giving rise to legal action whether against you or Plaaant or a third party (in each case under any applicable law).  </p>
<p>You must not submit any user content to the website that is or has ever been the subject of any threatened or actual legal proceedings or other similar complaint.</p>
<p>Plaaant reserves the right to edit or remove any material submitted to this website, or stored on Plaaant&#39;s servers, or hosted or published upon this website.</p>
<p>Notwithstanding Plaaant&#39;s rights under these terms and conditions in relation to user content, Plaaant does not undertake to monitor the submission of such content to, or the publication of such content on, this website.</p>
<h1 id=\\"no-warranties\\">No warranties</h1>
<p>This website is provided “as is” without any representations or warranties, express or implied.  Plaaant makes no representations or warranties in relation to this website or the information and materials provided on this website.  </p>
<p>Without prejudice to the generality of the foregoing paragraph, Plaaant does not warrant that:</p>
<ul>
<li>this website will be constantly available, or available at all; or</li>
<li>the information on this website is complete, true, accurate or non-misleading.</li>
</ul>
<p>Nothing on this website constitutes, or is meant to constitute, advice of any kind. If you require advice in relation to any legal, financial or medical matter you should consult an appropriate professional.</p>
<h1 id=\\"limitations-of-liability\\">Limitations of liability</h1>
<p>Plaaant will not be liable to you (whether under the law of contact, the law of torts or otherwise) in relation to the contents of, or use of, or otherwise in connection with, this website:</p>
<ul>
<li>to the extent that the website is provided free-of-charge, for any direct loss;</li>
<li>for any indirect, special or consequential loss; or</li>
<li>for any business losses, loss of revenue, income, profits or anticipated savings, loss of contracts or business relationships, loss of reputation or goodwill, or loss or corruption of information or data.</li>
</ul>
<p>These limitations of liability apply even if Plaaant has been expressly advised of the potential loss.</p>
<h1 id=\\"exceptions\\">Exceptions</h1>
<p>Nothing in this website disclaimer will exclude or limit any warranty implied by law that it would be unlawful to exclude or limit; and nothing in this website disclaimer will exclude or limit Plaaant&#39;s liability in respect of any:</p>
<ul>
<li>death or personal injury caused by Plaaant&#39;s negligence;</li>
<li>fraud or fraudulent misrepresentation on the part of Plaaant; or</li>
<li>matter which it would be illegal or unlawful for Plaaant to exclude or limit, or to attempt or purport to exclude or limit, its liability. </li>
</ul>
<h1 id=\\"reasonableness\\">Reasonableness</h1>
<p>By using this website, you agree that the exclusions and limitations of liability set out in this website disclaimer are reasonable.  </p>
<p>If you do not think they are reasonable, you must not use this website.</p>
<h1 id=\\"other-parties\\">Other parties</h1>
<p>You accept that, as a limited liability entity, Plaaant has an interest in limiting the personal liability of its officers and employees.  You agree that you will not bring any claim personally against Plaaant&#39;s officers or employees in respect of any losses you suffer in connection with the website.</p>
<p>Without prejudice to the foregoing paragraph, you agree that the limitations of warranties and liability set out in this website disclaimer will protect Plaaant&#39;s officers, employees, agents, subsidiaries, successors, assigns and sub-contractors as well as Plaaant. </p>
<h1 id=\\"unenforceable-provisions\\">Unenforceable provisions</h1>
<p>If any provision of this website disclaimer is, or is found to be, unenforceable under applicable law, that will not affect the enforceability of the other provisions of this website disclaimer.</p>
<h1 id=\\"indemnity\\">Indemnity</h1>
<p>You hereby indemnify Plaaant and undertake to keep Plaaant indemnified against any losses, damages, costs, liabilities and expenses (including without limitation legal expenses and any amounts paid by Plaaant to a third party in settlement of a claim or dispute on the advice of Plaaant&#39;s legal advisers) incurred or suffered by Plaaant arising out of any breach by you of any provision of these terms and conditions, or arising out of any claim that you have breached any provision of these terms and conditions.</p>
<h1 id=\\"breaches-of-these-terms-and-conditions\\">Breaches of these terms and conditions</h1>
<p>Without prejudice to Plaaant&#39;s other rights under these terms and conditions, if you breach these terms and conditions in any way, Plaaant may take such action as Plaaant deems appropriate to deal with the breach, including suspending your access to the website, prohibiting you from accessing the website, blocking computers using your IP address from accessing the website, contacting your internet service provider to request that they block your access to the website and/or bringing court proceedings against you.</p>
<h1 id=\\"variation\\">Variation</h1>
<p>Plaaant may revise these terms and conditions from time-to-time.  Revised terms and conditions will apply to the use of this website from the date of the publication of the revised terms and conditions on this website.  Please check this page regularly to ensure you are familiar with the current version.</p>
<h1 id=\\"assignment\\">Assignment</h1>
<p>Plaaant may transfer, sub-contract or otherwise deal with Plaaant&#39;s rights and/or obligations under these terms and conditions without notifying you or obtaining your consent.</p>
<p>You may not transfer, sub-contract or otherwise deal with your rights and/or obligations under these terms and conditions.  </p>
<h1 id=\\"severability\\">Severability</h1>
<p>If a provision of these terms and conditions is determined by any court or other competent authority to be unlawful and/or unenforceable, the other provisions will continue in effect.  If any unlawful and/or unenforceable provision would be lawful or enforceable if part of it were deleted, that part will be deemed to be deleted, and the rest of the provision will continue in effect. </p>
<h1 id=\\"entire-agreement\\">Entire agreement</h1>
<p>These terms and conditions constitute the entire agreement between you and Plaaant in relation to your use of this website, and supersede all previous agreements in respect of your use of this website.</p>
<h1 id=\\"law-and-jurisdiction\\">Law and jurisdiction</h1>
<p>These terms and conditions will be governed by and construed in accordance with United States Law, and any disputes relating to these terms and conditions will be subject to the exclusive jurisdiction of the courts of Arizona.</p>
",
            }
          }
        />
      </div>
    </div>
    <nav
      className="navbar navbar-default navbar-fixed-bottom"
    >
      <div
        className="container-fluid"
      >
        <a
          href="/"
          onClick={[Function]}
        >
          Home
        </a>
        <a
          href="/privacy"
          onClick={[Function]}
          style={
            Object {
              "marginLeft": "10px",
            }
          }
        >
          Privacy
        </a>
        <a
          href="/terms"
          onClick={[Function]}
          style={
            Object {
              "marginLeft": "10px",
            }
          }
        >
          Terms
        </a>
      </div>
    </nav>
  </div>
</div>
`;
