// Jest Snapshot v1, https://goo.gl/fbAQLP

exports[`InputComboText and SelectCombo should render Text Input 1`] = `
<div
  className="react-root"
>
  <div
    className="MuiFormControl-root MuiTextField-root MuiFormControl-fullWidth"
    style={
      Object {
        "marginBottom": 20,
        "marginLeft": 20,
        "marginRight": 20,
      }
    }
  >
    
    <div
      className="MuiInputBase-root MuiInput-root MuiInput-underline MuiInputBase-fullWidth MuiInput-fullWidth MuiInputBase-formControl MuiInput-formControl"
      onClick={[Function]}
      style={
        Object {
          "fontSize": "1.5em",
        }
      }
    >
      <input
        aria-invalid={false}
        autoFocus={false}
        className="MuiInputBase-input MuiInput-input"
        disabled={false}
        id="test-id"
        name="test-name"
        onAnimationStart={[Function]}
        onBlur={[Function]}
        onChange={[Function]}
        onFocus={[Function]}
        placeholder="placeholder text"
        required={false}
        type="text"
        value="test-value"
      />
    </div>
    
  </div>
</div>
`;
