// Jest Snapshot v1, https://goo.gl/fbAQLP

exports[`PlantEdit should render a PlantEdit 1`] = `
<div
  className="react-root"
>
  <div
    style={
      Object {
        "WebkitTapHighlightColor": "rgba(0,0,0,0)",
        "backgroundColor": "#ffffff",
        "borderRadius": 2,
        "boxShadow": "0 1px 6px rgba(0, 0, 0, 0.12),
         0 1px 4px rgba(0, 0, 0, 0.12)",
        "boxSizing": "border-box",
        "color": "rgba(0, 0, 0, 0.87)",
        "display": "inline-block",
        "fontFamily": "Roboto, sans-serif",
        "margin": 20,
        "muiPrepared": true,
        "padding": 20,
        "textAlign": "center",
        "transition": "all 450ms cubic-bezier(0.23, 1, 0.32, 1) 0ms",
        "width": "100%",
      }
    }
  >
    <h2
      style={
        Object {
          "textAlign": "center",
        }
      }
    >
      Add New Plant
    </h2>
    <div
      style={
        Object {
          "backgroundColor": "transparent",
          "cursor": "auto",
          "display": "inline-block",
          "fontFamily": "Roboto, sans-serif",
          "fontSize": 16,
          "height": 72,
          "lineHeight": "24px",
          "marginLeft": 20,
          "muiPrepared": true,
          "position": "relative",
          "transition": "height 200ms cubic-bezier(0.23, 1, 0.32, 1) 0ms",
          "width": "100%",
        }
      }
    >
      <label
        htmlFor="title"
        style={
          Object {
            "color": "rgba(0, 0, 0, 0.3)",
            "lineHeight": "22px",
            "muiPrepared": true,
            "pointerEvents": "none",
            "position": "absolute",
            "top": 38,
            "transform": "scale(1) translate(0, 0)",
            "transformOrigin": "left top",
            "transition": "all 450ms cubic-bezier(0.23, 1, 0.32, 1) 0ms",
            "userSelect": "none",
            "zIndex": 1,
          }
        }
      >
        Title
      </label>
      <div
        style={
          Object {
            "bottom": 12,
            "color": "rgba(0, 0, 0, 0.3)",
            "muiPrepared": true,
            "opacity": 0,
            "position": "absolute",
            "transition": "all 450ms cubic-bezier(0.23, 1, 0.32, 1) 0ms",
          }
        }
      >
        How do you refer to this plant? (e.g. Washington Navel)
      </div>
      <input
        disabled={false}
        id="title"
        name="title"
        onBlur={[Function]}
        onChange={[Function]}
        onFocus={[Function]}
        style={
          Object {
            "WebkitOpacity": 1,
            "WebkitTapHighlightColor": "rgba(0,0,0,0)",
            "appearance": "textfield",
            "backgroundColor": "rgba(0,0,0,0)",
            "border": "none",
            "boxSizing": "border-box",
            "color": "rgba(0, 0, 0, 0.87)",
            "cursor": "inherit",
            "font": "inherit",
            "height": "100%",
            "marginTop": 14,
            "muiPrepared": true,
            "outline": "none",
            "padding": 0,
            "position": "relative",
            "width": "100%",
          }
        }
        type="text"
        value=""
      />
      <div>
        <hr
          aria-hidden="true"
          style={
            Object {
              "borderBottomStyle": "solid",
              "borderBottomWidth": 1,
              "borderColor": "#e0e0e0",
              "borderLeft": "none",
              "borderRight": "none",
              "borderTop": "none",
              "bottom": 8,
              "boxSizing": "content-box",
              "display": "none",
              "margin": 0,
              "muiPrepared": true,
              "position": "absolute",
              "width": "100%",
            }
          }
        />
        <hr
          aria-hidden="true"
          style={
            Object {
              "borderBottomStyle": "solid",
              "borderBottomWidth": 2,
              "borderColor": "#00bcd4",
              "borderLeft": "none",
              "borderRight": "none",
              "borderTop": "none",
              "bottom": 8,
              "boxSizing": "content-box",
              "display": "none",
              "margin": 0,
              "muiPrepared": true,
              "position": "absolute",
              "transform": "scaleX(0)",
              "transition": "all 450ms cubic-bezier(0.23, 1, 0.32, 1) 0ms",
              "width": "100%",
            }
          }
        />
      </div>
      
    </div>
    <hr
      style={
        Object {
          "backgroundColor": "#e0e0e0",
          "border": "none",
          "height": 1,
          "margin": 0,
          "marginLeft": 0,
          "marginTop": -1,
          "muiPrepared": true,
        }
      }
    />
    <div
      style={
        Object {
          "backgroundColor": "transparent",
          "cursor": "auto",
          "display": "inline-block",
          "fontFamily": "Roboto, sans-serif",
          "fontSize": 16,
          "height": 72,
          "lineHeight": "24px",
          "marginLeft": 20,
          "muiPrepared": true,
          "position": "relative",
          "textAlign": "left",
          "transition": "height 200ms cubic-bezier(0.23, 1, 0.32, 1) 0ms",
          "width": "100%",
        }
      }
    >
      <label
        htmlFor="location"
        style={
          Object {
            "color": "rgba(0, 0, 0, 0.3)",
            "lineHeight": "22px",
            "muiPrepared": true,
            "pointerEvents": "none",
            "position": "absolute",
            "top": 38,
            "transform": "scale(0.75) translate(0, -28px)",
            "transformOrigin": "left top",
            "transition": "all 450ms cubic-bezier(0.23, 1, 0.32, 1) 0ms",
            "userSelect": "none",
            "zIndex": 1,
          }
        }
      >
        Location
      </label>
      <div
        id="location"
        onBlur={[Function]}
        onChange={[Function]}
        onFocus={[Function]}
        style={
          Object {
            "WebkitOpacity": 1,
            "WebkitTapHighlightColor": "rgba(0,0,0,0)",
            "backgroundColor": "rgba(0,0,0,0)",
            "border": "none",
            "boxSizing": "border-box",
            "color": "rgba(0, 0, 0, 0.87)",
            "cursor": "inherit",
            "display": "block",
            "font": "inherit",
            "fontFamily": "Roboto, sans-serif",
            "fontSize": 15,
            "height": "100%",
            "marginTop": 14,
            "muiPrepared": true,
            "outline": "none",
            "padding": 0,
            "position": "relative",
            "transition": "all 450ms cubic-bezier(0.23, 1, 0.32, 1) 0ms",
            "width": "100%",
          }
        }
      >
        <div
          onClick={[Function]}
          style={
            Object {
              "cursor": "pointer",
              "height": "100%",
              "muiPrepared": true,
              "position": "relative",
              "width": "100%",
            }
          }
        >
          <div
            style={
              Object {
                "boxSizing": "border-box",
                "content": "' '",
                "display": "table",
                "muiPrepared": true,
              }
            }
          />
          <div
            style={
              Object {
                "color": "rgba(0, 0, 0, 0.87)",
                "height": "56px",
                "lineHeight": "56px",
                "muiPrepared": true,
                "opacity": 1,
                "overflow": "hidden",
                "paddingLeft": 0,
                "paddingRight": 56,
                "position": "relative",
                "textOverflow": "ellipsis",
                "top": 6,
                "whiteSpace": "nowrap",
              }
            }
          />
          <button
            disabled={false}
            onBlur={[Function]}
            onClick={[Function]}
            onFocus={[Function]}
            onKeyDown={[Function]}
            onKeyUp={[Function]}
            onMouseEnter={[Function]}
            onMouseLeave={[Function]}
            onMouseOut={[Function]}
            onTouchStart={[Function]}
            style={
              Object {
                "WebkitTapHighlightColor": "rgba(0, 0, 0, 0)",
                "background": "none",
                "border": 10,
                "boxSizing": "border-box",
                "cursor": "pointer",
                "display": "inline-block",
                "fill": "#e0e0e0",
                "fontFamily": "Roboto, sans-serif",
                "fontSize": 0,
                "fontWeight": "inherit",
                "height": 48,
                "margin": 0,
                "muiPrepared": true,
                "outline": "none",
                "overflow": "visible",
                "padding": 12,
                "position": "absolute",
                "right": 0,
                "textDecoration": "none",
                "top": 8,
                "transition": "all 450ms cubic-bezier(0.23, 1, 0.32, 1) 0ms",
                "verticalAlign": null,
                "width": 48,
              }
            }
            tabIndex={0}
            type="button"
          >
            <div
              onMouseDown={[Function]}
              onMouseLeave={[Function]}
              onMouseUp={[Function]}
              onTouchEnd={[Function]}
              onTouchStart={[Function]}
            >
              <svg
                onMouseEnter={[Function]}
                onMouseLeave={[Function]}
                style={
                  Object {
                    "color": "rgba(0, 0, 0, 0.87)",
                    "display": "inline-block",
                    "fill": "inherit",
                    "height": 24,
                    "muiPrepared": true,
                    "transition": "all 450ms cubic-bezier(0.23, 1, 0.32, 1) 0ms",
                    "userSelect": "none",
                    "width": 24,
                  }
                }
                viewBox="0 0 24 24"
              >
                <path
                  d="M7 10l5 5 5-5z"
                />
              </svg>
            </div>
          </button>
          <div
            style={
              Object {
                "borderTop": "none",
                "bottom": 1,
                "left": 0,
                "margin": "-1px 24px",
                "muiPrepared": true,
                "position": "absolute",
                "right": 0,
              }
            }
          />
          <div
            style={
              Object {
                "boxSizing": "border-box",
                "clear": "both",
                "content": "' '",
                "display": "table",
                "muiPrepared": true,
              }
            }
          />
        </div>
        <div
          style={
            Object {
              "display": "none",
            }
          }
        />
      </div>
      <div>
        <hr
          aria-hidden="true"
          style={
            Object {
              "borderBottomStyle": "solid",
              "borderBottomWidth": 1,
              "borderColor": "#e0e0e0",
              "borderLeft": "none",
              "borderRight": "none",
              "borderTop": "none",
              "bottom": 8,
              "boxSizing": "content-box",
              "margin": 0,
              "muiPrepared": true,
              "position": "absolute",
              "width": "100%",
            }
          }
        />
        <hr
          aria-hidden="true"
          style={
            Object {
              "borderBottomStyle": "solid",
              "borderBottomWidth": 2,
              "borderColor": "#00bcd4",
              "borderLeft": "none",
              "borderRight": "none",
              "borderTop": "none",
              "bottom": 8,
              "boxSizing": "content-box",
              "margin": 0,
              "muiPrepared": true,
              "position": "absolute",
              "transform": "scaleX(0)",
              "transition": "all 450ms cubic-bezier(0.23, 1, 0.32, 1) 0ms",
              "width": "100%",
            }
          }
        />
      </div>
      
    </div>
    <hr
      style={
        Object {
          "backgroundColor": "#e0e0e0",
          "border": "none",
          "height": 1,
          "margin": 0,
          "marginLeft": 0,
          "marginTop": -1,
          "muiPrepared": true,
        }
      }
    />
    <div
      style={
        Object {
          "backgroundColor": "transparent",
          "cursor": "auto",
          "display": "inline-block",
          "fontFamily": "Roboto, sans-serif",
          "fontSize": 16,
          "height": 72,
          "lineHeight": "24px",
          "marginLeft": 20,
          "muiPrepared": true,
          "position": "relative",
          "transition": "height 200ms cubic-bezier(0.23, 1, 0.32, 1) 0ms",
          "width": "100%",
        }
      }
    >
      <label
        htmlFor="botanical-name"
        style={
          Object {
            "color": "rgba(0, 0, 0, 0.3)",
            "lineHeight": "22px",
            "muiPrepared": true,
            "pointerEvents": "none",
            "position": "absolute",
            "top": 38,
            "transform": "scale(1) translate(0, 0)",
            "transformOrigin": "left top",
            "transition": "all 450ms cubic-bezier(0.23, 1, 0.32, 1) 0ms",
            "userSelect": "none",
            "zIndex": 1,
          }
        }
      >
        Botanical Name
      </label>
      <div
        style={
          Object {
            "bottom": 12,
            "color": "rgba(0, 0, 0, 0.3)",
            "muiPrepared": true,
            "opacity": 0,
            "position": "absolute",
            "transition": "all 450ms cubic-bezier(0.23, 1, 0.32, 1) 0ms",
          }
        }
      >
        e.g. Citrus sinensis \\'Washington Navel\\'
      </div>
      <input
        disabled={false}
        id="botanical-name"
        name="botanicalName"
        onBlur={[Function]}
        onChange={[Function]}
        onFocus={[Function]}
        style={
          Object {
            "WebkitOpacity": 1,
            "WebkitTapHighlightColor": "rgba(0,0,0,0)",
            "appearance": "textfield",
            "backgroundColor": "rgba(0,0,0,0)",
            "border": "none",
            "boxSizing": "border-box",
            "color": "rgba(0, 0, 0, 0.87)",
            "cursor": "inherit",
            "font": "inherit",
            "height": "100%",
            "marginTop": 14,
            "muiPrepared": true,
            "outline": "none",
            "padding": 0,
            "position": "relative",
            "width": "100%",
          }
        }
        type="text"
        value=""
      />
      <div>
        <hr
          aria-hidden="true"
          style={
            Object {
              "borderBottomStyle": "solid",
              "borderBottomWidth": 1,
              "borderColor": "#e0e0e0",
              "borderLeft": "none",
              "borderRight": "none",
              "borderTop": "none",
              "bottom": 8,
              "boxSizing": "content-box",
              "display": "none",
              "margin": 0,
              "muiPrepared": true,
              "position": "absolute",
              "width": "100%",
            }
          }
        />
        <hr
          aria-hidden="true"
          style={
            Object {
              "borderBottomStyle": "solid",
              "borderBottomWidth": 2,
              "borderColor": "#00bcd4",
              "borderLeft": "none",
              "borderRight": "none",
              "borderTop": "none",
              "bottom": 8,
              "boxSizing": "content-box",
              "display": "none",
              "margin": 0,
              "muiPrepared": true,
              "position": "absolute",
              "transform": "scaleX(0)",
              "transition": "all 450ms cubic-bezier(0.23, 1, 0.32, 1) 0ms",
              "width": "100%",
            }
          }
        />
      </div>
      
    </div>
    <hr
      style={
        Object {
          "backgroundColor": "#e0e0e0",
          "border": "none",
          "height": 1,
          "margin": 0,
          "marginLeft": 0,
          "marginTop": -1,
          "muiPrepared": true,
        }
      }
    />
    <div
      style={
        Object {
          "backgroundColor": "transparent",
          "cursor": "auto",
          "display": "inline-block",
          "fontFamily": "Roboto, sans-serif",
          "fontSize": 16,
          "height": 72,
          "lineHeight": "24px",
          "marginLeft": 20,
          "muiPrepared": true,
          "position": "relative",
          "transition": "height 200ms cubic-bezier(0.23, 1, 0.32, 1) 0ms",
          "width": "100%",
        }
      }
    >
      <label
        htmlFor="common-name"
        style={
          Object {
            "color": "rgba(0, 0, 0, 0.3)",
            "lineHeight": "22px",
            "muiPrepared": true,
            "pointerEvents": "none",
            "position": "absolute",
            "top": 38,
            "transform": "scale(1) translate(0, 0)",
            "transformOrigin": "left top",
            "transition": "all 450ms cubic-bezier(0.23, 1, 0.32, 1) 0ms",
            "userSelect": "none",
            "zIndex": 1,
          }
        }
      >
        Common Name
      </label>
      <div
        style={
          Object {
            "bottom": 12,
            "color": "rgba(0, 0, 0, 0.3)",
            "muiPrepared": true,
            "opacity": 0,
            "position": "absolute",
            "transition": "all 450ms cubic-bezier(0.23, 1, 0.32, 1) 0ms",
          }
        }
      >
        e.g. Washington Navel Orange
      </div>
      <input
        disabled={false}
        id="common-name"
        name="commonName"
        onBlur={[Function]}
        onChange={[Function]}
        onFocus={[Function]}
        style={
          Object {
            "WebkitOpacity": 1,
            "WebkitTapHighlightColor": "rgba(0,0,0,0)",
            "appearance": "textfield",
            "backgroundColor": "rgba(0,0,0,0)",
            "border": "none",
            "boxSizing": "border-box",
            "color": "rgba(0, 0, 0, 0.87)",
            "cursor": "inherit",
            "font": "inherit",
            "height": "100%",
            "marginTop": 14,
            "muiPrepared": true,
            "outline": "none",
            "padding": 0,
            "position": "relative",
            "width": "100%",
          }
        }
        type="text"
        value=""
      />
      <div>
        <hr
          aria-hidden="true"
          style={
            Object {
              "borderBottomStyle": "solid",
              "borderBottomWidth": 1,
              "borderColor": "#e0e0e0",
              "borderLeft": "none",
              "borderRight": "none",
              "borderTop": "none",
              "bottom": 8,
              "boxSizing": "content-box",
              "display": "none",
              "margin": 0,
              "muiPrepared": true,
              "position": "absolute",
              "width": "100%",
            }
          }
        />
        <hr
          aria-hidden="true"
          style={
            Object {
              "borderBottomStyle": "solid",
              "borderBottomWidth": 2,
              "borderColor": "#00bcd4",
              "borderLeft": "none",
              "borderRight": "none",
              "borderTop": "none",
              "bottom": 8,
              "boxSizing": "content-box",
              "display": "none",
              "margin": 0,
              "muiPrepared": true,
              "position": "absolute",
              "transform": "scaleX(0)",
              "transition": "all 450ms cubic-bezier(0.23, 1, 0.32, 1) 0ms",
              "width": "100%",
            }
          }
        />
      </div>
      
    </div>
    <hr
      style={
        Object {
          "backgroundColor": "#e0e0e0",
          "border": "none",
          "height": 1,
          "margin": 0,
          "marginLeft": 0,
          "marginTop": -1,
          "muiPrepared": true,
        }
      }
    />
    <div
      style={
        Object {
          "backgroundColor": "transparent",
          "cursor": "auto",
          "display": "inline-block",
          "fontFamily": "Roboto, sans-serif",
          "fontSize": 16,
          "height": 72,
          "lineHeight": "24px",
          "marginLeft": 20,
          "muiPrepared": true,
          "position": "relative",
          "textAlign": "left",
          "transition": "height 200ms cubic-bezier(0.23, 1, 0.32, 1) 0ms",
          "width": "100%",
        }
      }
    >
      <label
        htmlFor="description"
        style={
          Object {
            "color": "rgba(0, 0, 0, 0.3)",
            "lineHeight": "22px",
            "muiPrepared": true,
            "pointerEvents": "none",
            "position": "absolute",
            "top": 38,
            "transform": "scale(1) translate(0, 0)",
            "transformOrigin": "left top",
            "transition": "all 450ms cubic-bezier(0.23, 1, 0.32, 1) 0ms",
            "userSelect": "none",
            "zIndex": 1,
          }
        }
      >
        Description
      </label>
      <div
        style={
          Object {
            "bottom": 12,
            "color": "rgba(0, 0, 0, 0.3)",
            "muiPrepared": true,
            "opacity": 0,
            "position": "absolute",
            "transition": "all 450ms cubic-bezier(0.23, 1, 0.32, 1) 0ms",
          }
        }
      >
        Describe this plant and/or the location in your yard
      </div>
      <div>
        <hr
          aria-hidden="true"
          style={
            Object {
              "borderBottomStyle": "solid",
              "borderBottomWidth": 1,
              "borderColor": "#e0e0e0",
              "borderLeft": "none",
              "borderRight": "none",
              "borderTop": "none",
              "bottom": 8,
              "boxSizing": "content-box",
              "display": "none",
              "margin": 0,
              "muiPrepared": true,
              "position": "absolute",
              "width": "100%",
            }
          }
        />
        <hr
          aria-hidden="true"
          style={
            Object {
              "borderBottomStyle": "solid",
              "borderBottomWidth": 2,
              "borderColor": "#00bcd4",
              "borderLeft": "none",
              "borderRight": "none",
              "borderTop": "none",
              "bottom": 8,
              "boxSizing": "content-box",
              "display": "none",
              "margin": 0,
              "muiPrepared": true,
              "position": "absolute",
              "transform": "scaleX(0)",
              "transition": "all 450ms cubic-bezier(0.23, 1, 0.32, 1) 0ms",
              "width": "100%",
            }
          }
        />
      </div>
      
    </div>
    <hr
      style={
        Object {
          "backgroundColor": "#e0e0e0",
          "border": "none",
          "height": 1,
          "margin": 0,
          "marginLeft": 0,
          "marginTop": -1,
          "muiPrepared": true,
        }
      }
    />
    <div
      style={
        Object {
          "backgroundColor": "transparent",
          "cursor": "auto",
          "display": "inline-block",
          "fontFamily": "Roboto, sans-serif",
          "fontSize": 16,
          "height": 72,
          "lineHeight": "24px",
          "marginLeft": 20,
          "muiPrepared": true,
          "position": "relative",
          "transition": "height 200ms cubic-bezier(0.23, 1, 0.32, 1) 0ms",
          "width": "100%",
        }
      }
    >
      <label
        htmlFor="acquire-date"
        style={
          Object {
            "color": "rgba(0, 0, 0, 0.3)",
            "lineHeight": "22px",
            "muiPrepared": true,
            "pointerEvents": "none",
            "position": "absolute",
            "top": 38,
            "transform": "scale(1) translate(0, 0)",
            "transformOrigin": "left top",
            "transition": "all 450ms cubic-bezier(0.23, 1, 0.32, 1) 0ms",
            "userSelect": "none",
            "zIndex": 1,
          }
        }
      >
        Acquire Date
      </label>
      <div
        style={
          Object {
            "bottom": 12,
            "color": "rgba(0, 0, 0, 0.3)",
            "muiPrepared": true,
            "opacity": 0,
            "position": "absolute",
            "transition": "all 450ms cubic-bezier(0.23, 1, 0.32, 1) 0ms",
          }
        }
      >
        MM/DD/YYYY
      </div>
      <input
        disabled={false}
        id="acquire-date"
        name="purchasedDate"
        onBlur={[Function]}
        onChange={[Function]}
        onFocus={[Function]}
        style={
          Object {
            "WebkitOpacity": 1,
            "WebkitTapHighlightColor": "rgba(0,0,0,0)",
            "appearance": "textfield",
            "backgroundColor": "rgba(0,0,0,0)",
            "border": "none",
            "boxSizing": "border-box",
            "color": "rgba(0, 0, 0, 0.87)",
            "cursor": "inherit",
            "font": "inherit",
            "height": "100%",
            "marginTop": 14,
            "muiPrepared": true,
            "outline": "none",
            "padding": 0,
            "position": "relative",
            "width": "100%",
          }
        }
        type="text"
        value=""
      />
      <div>
        <hr
          aria-hidden="true"
          style={
            Object {
              "borderBottomStyle": "solid",
              "borderBottomWidth": 1,
              "borderColor": "#e0e0e0",
              "borderLeft": "none",
              "borderRight": "none",
              "borderTop": "none",
              "bottom": 8,
              "boxSizing": "content-box",
              "display": "none",
              "margin": 0,
              "muiPrepared": true,
              "position": "absolute",
              "width": "100%",
            }
          }
        />
        <hr
          aria-hidden="true"
          style={
            Object {
              "borderBottomStyle": "solid",
              "borderBottomWidth": 2,
              "borderColor": "#00bcd4",
              "borderLeft": "none",
              "borderRight": "none",
              "borderTop": "none",
              "bottom": 8,
              "boxSizing": "content-box",
              "display": "none",
              "margin": 0,
              "muiPrepared": true,
              "position": "absolute",
              "transform": "scaleX(0)",
              "transition": "all 450ms cubic-bezier(0.23, 1, 0.32, 1) 0ms",
              "width": "100%",
            }
          }
        />
      </div>
      
    </div>
    <hr
      style={
        Object {
          "backgroundColor": "#e0e0e0",
          "border": "none",
          "height": 1,
          "margin": 0,
          "marginLeft": 0,
          "marginTop": -1,
          "muiPrepared": true,
        }
      }
    />
    <div
      style={
        Object {
          "backgroundColor": "transparent",
          "cursor": "auto",
          "display": "inline-block",
          "fontFamily": "Roboto, sans-serif",
          "fontSize": 16,
          "height": 72,
          "lineHeight": "24px",
          "marginLeft": 20,
          "muiPrepared": true,
          "position": "relative",
          "transition": "height 200ms cubic-bezier(0.23, 1, 0.32, 1) 0ms",
          "width": "100%",
        }
      }
    >
      <label
        htmlFor="planted-date"
        style={
          Object {
            "color": "rgba(0, 0, 0, 0.3)",
            "lineHeight": "22px",
            "muiPrepared": true,
            "pointerEvents": "none",
            "position": "absolute",
            "top": 38,
            "transform": "scale(1) translate(0, 0)",
            "transformOrigin": "left top",
            "transition": "all 450ms cubic-bezier(0.23, 1, 0.32, 1) 0ms",
            "userSelect": "none",
            "zIndex": 1,
          }
        }
      >
        Planted Date
      </label>
      <div
        style={
          Object {
            "bottom": 12,
            "color": "rgba(0, 0, 0, 0.3)",
            "muiPrepared": true,
            "opacity": 0,
            "position": "absolute",
            "transition": "all 450ms cubic-bezier(0.23, 1, 0.32, 1) 0ms",
          }
        }
      >
        MM/DD/YYYY
      </div>
      <input
        disabled={false}
        id="planted-date"
        name="plantedDate"
        onBlur={[Function]}
        onChange={[Function]}
        onFocus={[Function]}
        style={
          Object {
            "WebkitOpacity": 1,
            "WebkitTapHighlightColor": "rgba(0,0,0,0)",
            "appearance": "textfield",
            "backgroundColor": "rgba(0,0,0,0)",
            "border": "none",
            "boxSizing": "border-box",
            "color": "rgba(0, 0, 0, 0.87)",
            "cursor": "inherit",
            "font": "inherit",
            "height": "100%",
            "marginTop": 14,
            "muiPrepared": true,
            "outline": "none",
            "padding": 0,
            "position": "relative",
            "width": "100%",
          }
        }
        type="text"
        value=""
      />
      <div>
        <hr
          aria-hidden="true"
          style={
            Object {
              "borderBottomStyle": "solid",
              "borderBottomWidth": 1,
              "borderColor": "#e0e0e0",
              "borderLeft": "none",
              "borderRight": "none",
              "borderTop": "none",
              "bottom": 8,
              "boxSizing": "content-box",
              "display": "none",
              "margin": 0,
              "muiPrepared": true,
              "position": "absolute",
              "width": "100%",
            }
          }
        />
        <hr
          aria-hidden="true"
          style={
            Object {
              "borderBottomStyle": "solid",
              "borderBottomWidth": 2,
              "borderColor": "#00bcd4",
              "borderLeft": "none",
              "borderRight": "none",
              "borderTop": "none",
              "bottom": 8,
              "boxSizing": "content-box",
              "display": "none",
              "margin": 0,
              "muiPrepared": true,
              "position": "absolute",
              "transform": "scaleX(0)",
              "transition": "all 450ms cubic-bezier(0.23, 1, 0.32, 1) 0ms",
              "width": "100%",
            }
          }
        />
      </div>
      
    </div>
    <hr
      style={
        Object {
          "backgroundColor": "#e0e0e0",
          "border": "none",
          "height": 1,
          "margin": 0,
          "marginLeft": 0,
          "marginTop": -1,
          "muiPrepared": true,
        }
      }
    />
    <div
      style={
        Object {
          "backgroundColor": "transparent",
          "cursor": "auto",
          "display": "inline-block",
          "fontFamily": "Roboto, sans-serif",
          "fontSize": 16,
          "height": 72,
          "lineHeight": "24px",
          "marginLeft": 20,
          "muiPrepared": true,
          "position": "relative",
          "transition": "height 200ms cubic-bezier(0.23, 1, 0.32, 1) 0ms",
          "width": "100%",
        }
      }
    >
      <label
        htmlFor="price"
        style={
          Object {
            "color": "rgba(0, 0, 0, 0.3)",
            "lineHeight": "22px",
            "muiPrepared": true,
            "pointerEvents": "none",
            "position": "absolute",
            "top": 38,
            "transform": "scale(1) translate(0, 0)",
            "transformOrigin": "left top",
            "transition": "all 450ms cubic-bezier(0.23, 1, 0.32, 1) 0ms",
            "userSelect": "none",
            "zIndex": 1,
          }
        }
      >
        Price
      </label>
      <div
        style={
          Object {
            "bottom": 12,
            "color": "rgba(0, 0, 0, 0.3)",
            "muiPrepared": true,
            "opacity": 0,
            "position": "absolute",
            "transition": "all 450ms cubic-bezier(0.23, 1, 0.32, 1) 0ms",
          }
        }
      >
        $9.99
      </div>
      <input
        disabled={false}
        id="price"
        name="price"
        onBlur={[Function]}
        onChange={[Function]}
        onFocus={[Function]}
        style={
          Object {
            "WebkitOpacity": 1,
            "WebkitTapHighlightColor": "rgba(0,0,0,0)",
            "appearance": "textfield",
            "backgroundColor": "rgba(0,0,0,0)",
            "border": "none",
            "boxSizing": "border-box",
            "color": "rgba(0, 0, 0, 0.87)",
            "cursor": "inherit",
            "font": "inherit",
            "height": "100%",
            "marginTop": 14,
            "muiPrepared": true,
            "outline": "none",
            "padding": 0,
            "position": "relative",
            "width": "100%",
          }
        }
        type="number"
        value=""
      />
      <div>
        <hr
          aria-hidden="true"
          style={
            Object {
              "borderBottomStyle": "solid",
              "borderBottomWidth": 1,
              "borderColor": "#e0e0e0",
              "borderLeft": "none",
              "borderRight": "none",
              "borderTop": "none",
              "bottom": 8,
              "boxSizing": "content-box",
              "display": "none",
              "margin": 0,
              "muiPrepared": true,
              "position": "absolute",
              "width": "100%",
            }
          }
        />
        <hr
          aria-hidden="true"
          style={
            Object {
              "borderBottomStyle": "solid",
              "borderBottomWidth": 2,
              "borderColor": "#00bcd4",
              "borderLeft": "none",
              "borderRight": "none",
              "borderTop": "none",
              "bottom": 8,
              "boxSizing": "content-box",
              "display": "none",
              "margin": 0,
              "muiPrepared": true,
              "position": "absolute",
              "transform": "scaleX(0)",
              "transition": "all 450ms cubic-bezier(0.23, 1, 0.32, 1) 0ms",
              "width": "100%",
            }
          }
        />
      </div>
      
    </div>
    <hr
      style={
        Object {
          "backgroundColor": "#e0e0e0",
          "border": "none",
          "height": 1,
          "margin": 0,
          "marginLeft": 0,
          "marginTop": -1,
          "muiPrepared": true,
        }
      }
    />
    <div />
    <h2
      className="vcenter"
    >
      <div
        style={
          Object {
            "textAlign": "right",
          }
        }
      >
        <button
          className="MuiButtonBase-root MuiFab-root MuiFab-sizeMedium MuiFab-secondary"
          disabled={false}
          onBlur={[Function]}
          onClick={[Function]}
          onDragLeave={[Function]}
          onFocus={[Function]}
          onKeyDown={[Function]}
          onKeyUp={[Function]}
          onMouseDown={[Function]}
          onMouseLeave={[Function]}
          onMouseUp={[Function]}
          onTouchEnd={[Function]}
          onTouchMove={[Function]}
          onTouchStart={[Function]}
          style={
            Object {
              "marginLeft": "10px",
            }
          }
          tabIndex={0}
          title="Cancel"
          type="button"
        >
          <span
            className="MuiFab-label"
          >
            <svg
              aria-hidden="true"
              className="MuiSvgIcon-root"
              focusable="false"
              role="presentation"
              style={
                Object {
                  "fontSize": "3em",
                }
              }
              viewBox="0 0 24 24"
            >
              <path
                d="M19 6.41L17.59 5 12 10.59 6.41 5 5 6.41 10.59 12 5 17.59 6.41 19 12 13.41 17.59 19 19 17.59 13.41 12z"
              />
            </svg>
          </span>
          <span
            className="MuiTouchRipple-root"
          />
        </button>
        <button
          className="MuiButtonBase-root MuiFab-root MuiFab-sizeMedium MuiFab-primary"
          disabled={false}
          onBlur={[Function]}
          onClick={[Function]}
          onDragLeave={[Function]}
          onFocus={[Function]}
          onKeyDown={[Function]}
          onKeyUp={[Function]}
          onMouseDown={[Function]}
          onMouseLeave={[Function]}
          onMouseUp={[Function]}
          onTouchEnd={[Function]}
          onTouchMove={[Function]}
          onTouchStart={[Function]}
          style={
            Object {
              "marginLeft": "10px",
            }
          }
          tabIndex={0}
          title="Save"
          type="button"
        >
          <span
            className="MuiFab-label"
          >
            <svg
              aria-hidden="true"
              className="MuiSvgIcon-root"
              focusable="false"
              role="presentation"
              style={
                Object {
                  "fontSize": "3em",
                }
              }
              viewBox="0 0 24 24"
            >
              <path
                d="M9 16.2L4.8 12l-1.4 1.4L9 19 21 7l-1.4-1.4L9 16.2z"
              />
            </svg>
          </span>
          <span
            className="MuiTouchRipple-root"
          />
        </button>
      </div>
    </h2>
  </div>
</div>
`;
